// Jest Snapshot v1, https://goo.gl/fbAQLP

exports[`SiteSplash renders without crashing 1`] = `
Object {
  "asFragment": [Function],
  "baseElement": .c15 {
  padding: 1rem;
  display: -webkit-box;
  display: -webkit-flex;
  display: -ms-flexbox;
  display: flex;
  -webkit-box-pack: space-around;
  -webkit-justify-content: space-around;
  -ms-flex-pack: space-around;
  justify-content: space-around;
  -webkit-align-items: center;
  -webkit-box-align: center;
  -ms-flex-align: center;
  align-items: center;
  background-color: rgb(250,250,250);
  border-top-left-radius: 6px;
  border-top-right-radius: 6px;
}

.c16 {
  cursor: pointer;
  width: 25%;
  display: -webkit-box;
  display: -webkit-flex;
  display: -ms-flexbox;
  display: flex;
  -webkit-box-pack: center;
  -webkit-justify-content: center;
  -ms-flex-pack: center;
  justify-content: center;
  -webkit-align-items: center;
  -webkit-box-align: center;
  -ms-flex-align: center;
  align-items: center;
  font-size: 0.9rem;
  font-weight: bold;
  -webkit-text-decoration: underline;
  text-decoration: underline;
}

.c16:hover {
  -webkit-text-decoration: underline;
  text-decoration: underline;
}

.c18 {
  cursor: pointer;
  width: 25%;
  display: -webkit-box;
  display: -webkit-flex;
  display: -ms-flexbox;
  display: flex;
  -webkit-box-pack: center;
  -webkit-justify-content: center;
  -ms-flex-pack: center;
  justify-content: center;
  -webkit-align-items: center;
  -webkit-box-align: center;
  -ms-flex-align: center;
  align-items: center;
  font-size: 0.9rem;
  font-weight: bold;
  -webkit-text-decoration: none;
  text-decoration: none;
}

.c18:hover {
  -webkit-text-decoration: underline;
  text-decoration: underline;
}

.c17 {
  height: 1rem;
  width: 1px;
  background-color: black;
}

.c27 {
  width: 100%;
  margin-top: 0.5rem;
  margin-left: 0;
  cursor: pointer;
  padding: 0.5rem 1.25rem;
  border: 1px solid rgb(150,150,150);
  border-radius: 5px;
  font-size: 0.9rem;
  background-color: rgba(220,220,220,1);
  color: black;
  outline: none;
  -webkit-transition: background-color 0.1s;
  transition: background-color 0.1s;
}

.c27:hover {
  background-color: white;
  color: black;
}

.c21 {
  margin-left: 0;
  width: 100%;
  display: -webkit-box;
  display: -webkit-flex;
  display: -ms-flexbox;
  display: flex;
  -webkit-flex-direction: column;
  -ms-flex-direction: column;
  flex-direction: column;
  -webkit-box-pack: start;
  -webkit-justify-content: flex-start;
  -ms-flex-pack: start;
  justify-content: flex-start;
  -webkit-align-items: center;
  -webkit-box-align: center;
  -ms-flex-align: center;
  align-items: center;
}

.c22 {
  width: 100%;
}

.c23 {
  width: 100%;
  margin: 0.375rem;
  padding: 0.5rem 0.25rem;
  border: none;
  border: 1px solid rgb(150,150,150);
  border-radius: 4px;
  outline: none;
  font-size: 0.9rem;
}

.c28 {
  margin-top: 0.5rem;
  text-align: left;
  color: rgb(175,0,0);
}

.c24 {
  padding: 0.25rem 0;
  width: 100%;
  display: -webkit-box;
  display: -webkit-flex;
  display: -ms-flexbox;
  display: flex;
  -webkit-box-pack: start;
  -webkit-justify-content: flex-start;
  -ms-flex-pack: start;
  justify-content: flex-start;
  -webkit-align-items: center;
  -webkit-box-align: center;
  -ms-flex-align: center;
  align-items: center;
}

.c26 {
  margin-left: 0.5rem;
  width: 100%;
}

.c25 {
  margin: 0.375rem;
  margin-left: 0;
  padding: 0.5rem 0.25rem;
  border-radius: 4px;
  font-size: 0.9rem;
}

.c20 {
  width: 100%;
}

.c0 {
  width: 100%;
  height: 100vh;
  background-color: userColorPrimary;
  color: white;
  font-family: inherit;
  overflow: hidden;
  border-bottom: 1px solid rgb(150,150,150);
}

.c3 {
  color: rgb(190,190,190);
}

.c29 {
  position: absolute;
  top: 0;
  left: 0;
  width: 100%;
  height: 100%;
  opacity: 0.1;
}

.c1 {
  z-index: 10;
  position: relative;
  width: 100%;
  padding: 3rem;
  padding-bottom: 0;
  display: -webkit-box;
  display: -webkit-flex;
  display: -ms-flexbox;
  display: flex;
  -webkit-box-pack: justify;
  -webkit-justify-content: space-between;
  -ms-flex-pack: justify;
  justify-content: space-between;
  -webkit-align-items: center;
  -webkit-box-align: center;
  -ms-flex-align: center;
  align-items: center;
}

.c2 {
  font-size: 2rem;
  font-weight: bold;
}

.c4 {
  display: -webkit-box;
  display: -webkit-flex;
  display: -ms-flexbox;
  display: flex;
  -webkit-flex-direction: column;
  -ms-flex-direction: column;
  flex-direction: column;
  -webkit-box-pack: center;
  -webkit-justify-content: center;
  -ms-flex-pack: center;
  justify-content: center;
  -webkit-align-items: flex-end;
  -webkit-box-align: flex-end;
  -ms-flex-align: flex-end;
  align-items: flex-end;
}

.c5 {
  font-size: 0.9rem;
  line-height: 1.3rem;
  text-align: right;
  white-space: nowrap;
}

.c6 {
  z-index: 10;
  width: 100%;
  height: calc(100% - 5.5rem);
  position: relative;
  display: -webkit-box;
  display: -webkit-flex;
  display: -ms-flexbox;
  display: flex;
  -webkit-box-pack: center;
  -webkit-justify-content: center;
  -ms-flex-pack: center;
  justify-content: center;
  -webkit-align-items: center;
  -webkit-box-align: center;
  -ms-flex-align: center;
  align-items: center;
}

.c8 {
  width: 100%;
  font-size: 2.5rem;
  font-weight: bold;
  margin-bottom: 1.5rem;
}

.c9 {
  font-size: 1.125rem;
  width: 90%;
}

.c7 {
  height: 80%;
  display: -webkit-box;
  display: -webkit-flex;
  display: -ms-flexbox;
  display: flex;
  -webkit-flex-direction: column;
  -ms-flex-direction: column;
  flex-direction: column;
  width: 45%;
  margin-right: 5%;
  -webkit-align-items: flex-start;
  -webkit-box-align: flex-start;
  -ms-flex-align: flex-start;
  align-items: flex-start;
  -webkit-box-pack: center;
  -webkit-justify-content: center;
  -ms-flex-pack: center;
  justify-content: center;
}

.c13 {
  height: 80%;
  display: -webkit-box;
  display: -webkit-flex;
  display: -ms-flexbox;
  display: flex;
  -webkit-flex-direction: column;
  -ms-flex-direction: column;
  flex-direction: column;
  width: 35%;
  -webkit-align-items: flex-start;
  -webkit-box-align: flex-start;
  -ms-flex-align: flex-start;
  align-items: flex-start;
  -webkit-box-pack: center;
  -webkit-justify-content: center;
  -ms-flex-pack: center;
  justify-content: center;
}

.c14 {
  width: 90%;
  padding: 1rem;
  color: black;
}

.c19 {
  padding: 1.5rem;
  background-color: rgb(230,230,230);
  border-bottom-left-radius: 6px;
  border-bottom-right-radius: 6px;
}

.c11 {
  position: absolute;
  bottom: 5rem;
  -webkit-align-self: flex-start;
  -ms-flex-item-align: start;
  align-self: flex-start;
  display: -webkit-box;
  display: -webkit-flex;
  display: -ms-flexbox;
  display: flex;
}

.c12 {
  margin-left: 0.5rem;
  font-size: 0.8rem;
}

.c10 {
  font-weight: bold;
  white-space: nowrap;
}

@media (max-width:480px) {
  .c27 {
    width: 100%;
    margin: 0.375rem;
  }
}

@media (max-width:480px) {
  .c23 {
    width: 100%;
    margin: 0.375rem 0;
  }
}

@media (max-width:480px) {
  .c25 {
    width: 100%;
    margin: 0.375rem 0;
  }
}

@media (max-width:480px) {
  .c1 {
    padding: 1rem;
    -webkit-box-pack: end;
    -webkit-justify-content: flex-end;
    -ms-flex-pack: end;
    justify-content: flex-end;
  }
}

@media (max-width:480px) {
  .c2 {
    display: none;
  }
}

@media (max-width:480px) {
  .c8 {
    margin-top: -10%;
  }
}

<body>
    <div>
      <div
        class="c0"
      >
        <div
          class="c1"
        >
          <div
            class="c2"
          >
            task
            <span
              class="c3"
            >
              sheet
            </span>
          </div>
          <div
            class="c4"
          >
            <div
              class="c5"
            >
              30-day free trial
              <br />
              $5 per month or $100 for lifetime access
            </div>
          </div>
        </div>
        <div
          class="c6"
        >
          <div
            class="sc-fzXfMB c7"
          >
            <div
              class="c8"
            >
              The spreadsheet that's perfect
              <br />
              for your workplace to-do lists
            </div>
            <div
              class="c9"
            >
              <span
                class="c10"
              >
                Tasksheet
              </span>
               is a spreadsheet fine-tuned for task management. Built around its ability to quickly and easily organize your to-dos, it is a uniquely flexible and powerful solution for managing life at work
            </div>
            <div
              class="c11"
            >
              <div
                class=""
              >
                <svg
                  height="NaN"
                  viewBox="0 0 1024 1024"
                  width="NaN"
                >
                  <path
                    d="M854 512l-342 342-342-342 62-60 238 238v-520h84v520l240-238z"
                    style="fill: currentColor;"
                  />
                </svg>
              </div>
              <div
                class="c12"
              >
                Scroll down to try it out
              </div>
            </div>
          </div>
          <div
            class="sc-fzXfMB c13"
          >
            <div
              class="c14"
            >
              <div
                class="c15"
              >
                <div
                  class="c16"
                >
                  Register
                </div>
                <div
                  class="c17"
                />
                <div
                  class="c18"
                >
                  Login
                </div>
              </div>
              <div
                class="c19"
              >
                <form
                  class="c20"
                >
                  <div
                    class="c21"
                  >
                    <label
                      class="c22"
                    >
                      Name
                      :
                    </label>
                    <input
                      class="c23"
                      placeholder="Name"
                      type="text"
                      value=""
                    />
                  </div>
                  <div
                    class="c21"
                  >
                    <label
                      class="c22"
                    >
                      Email
                      :
                    </label>
                    <input
                      class="c23"
                      placeholder="Email"
                      type="email"
                      value=""
                    />
                  </div>
                  <div
                    class="c21"
                  >
                    <label
                      class="c22"
                    >
                      Password
                      :
                    </label>
                    <input
                      class="c23"
                      placeholder="Password"
                      type="password"
                      value=""
                    />
                  </div>
                  <div
                    class="c24"
                  >
                    <input
                      class="c25"
                      id="SiteFormCheckbox"
                      type="checkbox"
                    />
                    <label
                      class="c26"
                      for="SiteFormCheckbox"
                    >
                      I agree to start a 30-day free trial of Tasksheet (no credit card required)
                    </label>
                  </div>
                  <button
                    class="c27"
                  >
                    Sign Up
                  </button>
                  <div
                    class="c28"
                    data-testid="SiteSplashRegisterFormStatus"
                  />
                </form>
              </div>
            </div>
          </div>
        </div>
        <img
          class="c29"
          src="testAssetUrlimages/spreadsheet.png"
        />
      </div>
    </div>
  </body>,
  "container": <div>
    <div
      class="sc-fzXfLU jvpYiT"
    >
      <div
        class="sc-fzXfLX hedHvX"
      >
        <div
          class="sc-fzXfMv grQEfd"
        >
          task
          <span
            class="sc-fzXfLV eVfinF"
          >
            sheet
          </span>
        </div>
        <div
          class="sc-fzXfMw ivjzrb"
        >
          <div
            class="sc-fzXfMx eBnBNG"
          >
            30-day free trial
            <br />
            $5 per month or $100 for lifetime access
          </div>
        </div>
      </div>
      <div
        class="sc-fzXfMy fpkgyZ"
      >
        <div
          class="sc-fzXfMB sc-fzXfMC kHlPLJ"
        >
          <div
            class="sc-fzXfMz ceRLfX"
          >
            The spreadsheet that's perfect
            <br />
            for your workplace to-do lists
          </div>
          <div
            class="sc-fzXfMA gqURvr"
          >
            <span
              class="sc-fzXfNg ivscKY"
            >
              Tasksheet
            </span>
             is a spreadsheet fine-tuned for task management. Built around its ability to quickly and easily organize your to-dos, it is a uniquely flexible and powerful solution for managing life at work
          </div>
          <div
            class="sc-fzXfNd cKdYfo"
          >
            <div
              class="sc-fzXfNf gOUNtp"
            >
              <svg
                height="NaN"
                viewBox="0 0 1024 1024"
                width="NaN"
              >
                <path
                  d="M854 512l-342 342-342-342 62-60 238 238v-520h84v520l240-238z"
                  style="fill: currentColor;"
                />
              </svg>
            </div>
            <div
              class="sc-fzXfNe cLRbAW"
            >
              Scroll down to try it out
            </div>
          </div>
        </div>
        <div
          class="sc-fzXfMB sc-fzXfMD cjxjTH"
        >
          <div
            class="sc-fzXfME SEwbI"
          >
            <div
              class="sc-AykKC iprWqD"
            >
              <div
                class="sc-AykKD bWmehU"
              >
                Register
              </div>
              <div
                class="sc-AykKE jSIRJj"
              />
              <div
                class="sc-AykKD ircMQC"
              >
                Login
              </div>
            </div>
            <div
              class="sc-fzXfNc gCrwon"
            >
              <form
                class="sc-fzXfLT gveSwo"
              >
                <div
                  class="sc-AykKG kgqMhc"
                >
                  <label
                    class="sc-AykKH bXEuhu"
                  >
                    Name
                    :
                  </label>
                  <input
                    class="sc-AykKI eNDOHp"
                    placeholder="Name"
                    type="text"
                    value=""
                  />
                </div>
                <div
                  class="sc-AykKG kgqMhc"
                >
                  <label
                    class="sc-AykKH bXEuhu"
                  >
                    Email
                    :
                  </label>
                  <input
                    class="sc-AykKI eNDOHp"
                    placeholder="Email"
                    type="email"
                    value=""
                  />
                </div>
                <div
                  class="sc-AykKG kgqMhc"
                >
                  <label
                    class="sc-AykKH bXEuhu"
                  >
                    Password
                    :
                  </label>
                  <input
                    class="sc-AykKI eNDOHp"
                    placeholder="Password"
                    type="password"
                    value=""
                  />
                </div>
                <div
                  class="sc-fzXfLQ hFeOtt"
                >
                  <input
                    class="sc-fzXfLS dmVpOr"
                    id="SiteFormCheckbox"
                    type="checkbox"
                  />
                  <label
                    class="sc-fzXfLR gXjWxK"
                    for="SiteFormCheckbox"
                  >
                    I agree to start a 30-day free trial of Tasksheet (no credit card required)
                  </label>
                </div>
                <button
                  class="sc-AykKF gFNNfV"
                >
                  Sign Up
                </button>
                <div
                  class="sc-AykKJ jJgrwI"
                  data-testid="SiteSplashRegisterFormStatus"
                />
              </form>
            </div>
          </div>
        </div>
      </div>
      <img
        class="sc-fzXfLW brNufP"
        src="testAssetUrlimages/spreadsheet.png"
      />
    </div>
  </div>,
  "debug": [Function],
  "findAllByAltText": [Function],
  "findAllByDisplayValue": [Function],
  "findAllByLabelText": [Function],
  "findAllByPlaceholderText": [Function],
  "findAllByRole": [Function],
  "findAllByTestId": [Function],
  "findAllByText": [Function],
  "findAllByTitle": [Function],
  "findByAltText": [Function],
  "findByDisplayValue": [Function],
  "findByLabelText": [Function],
  "findByPlaceholderText": [Function],
  "findByRole": [Function],
  "findByTestId": [Function],
  "findByText": [Function],
  "findByTitle": [Function],
  "getAllByAltText": [Function],
  "getAllByDisplayValue": [Function],
  "getAllByLabelText": [Function],
  "getAllByPlaceholderText": [Function],
  "getAllByRole": [Function],
  "getAllByTestId": [Function],
  "getAllByText": [Function],
  "getAllByTitle": [Function],
  "getByAltText": [Function],
  "getByDisplayValue": [Function],
  "getByLabelText": [Function],
  "getByPlaceholderText": [Function],
  "getByRole": [Function],
  "getByTestId": [Function],
  "getByText": [Function],
  "getByTitle": [Function],
  "queryAllByAltText": [Function],
  "queryAllByDisplayValue": [Function],
  "queryAllByLabelText": [Function],
  "queryAllByPlaceholderText": [Function],
  "queryAllByRole": [Function],
  "queryAllByTestId": [Function],
  "queryAllByText": [Function],
  "queryAllByTitle": [Function],
  "queryByAltText": [Function],
  "queryByDisplayValue": [Function],
  "queryByLabelText": [Function],
  "queryByPlaceholderText": [Function],
  "queryByRole": [Function],
  "queryByTestId": [Function],
  "queryByText": [Function],
  "queryByTitle": [Function],
  "rerender": [Function],
  "store": Object {
    "dispatch": [Function],
    "getState": [Function],
    "replaceReducer": [Function],
    "subscribe": [Function],
    Symbol(observable): [Function],
  },
  "unmount": [Function],
}
`;
