// Jest Snapshot v1, https://goo.gl/fbAQLP

exports[`SiteSplashRegisterForm renders without crashing 1`] = `
Object {
  "asFragment": [Function],
  "baseElement": .c7 {
  width: 100%;
  margin-top: 0.5rem;
  margin-left: 0;
  cursor: pointer;
  padding: 0.5rem 1.25rem;
  border: 1px solid rgb(150,150,150);
  border-radius: 5px;
  font-size: 0.9rem;
  background-color: rgba(220,220,220,1);
  color: black;
  outline: none;
  -webkit-transition: background-color 0.1s;
  transition: background-color 0.1s;
}

.c7:hover {
  background-color: white;
  color: black;
}

.c4 {
  padding: 0.25rem 0;
  width: 100%;
  display: -webkit-box;
  display: -webkit-flex;
  display: -ms-flexbox;
  display: flex;
  -webkit-box-pack: start;
  -webkit-justify-content: flex-start;
  -ms-flex-pack: start;
  justify-content: flex-start;
  -webkit-align-items: center;
  -webkit-box-align: center;
  -ms-flex-align: center;
  align-items: center;
}

.c6 {
  margin-left: 0.5rem;
  width: 100%;
}

.c5 {
  margin: 0.375rem;
  margin-left: 0;
  padding: 0.5rem 0.25rem;
  border-radius: 4px;
  font-size: 0.9rem;
}

.c1 {
  margin-left: 0;
  width: 100%;
  display: -webkit-box;
  display: -webkit-flex;
  display: -ms-flexbox;
  display: flex;
  -webkit-flex-direction: column;
  -ms-flex-direction: column;
  flex-direction: column;
  -webkit-box-pack: start;
  -webkit-justify-content: flex-start;
  -ms-flex-pack: start;
  justify-content: flex-start;
  -webkit-align-items: center;
  -webkit-box-align: center;
  -ms-flex-align: center;
  align-items: center;
}

.c2 {
  width: 100%;
}

.c3 {
  width: 100%;
  margin: 0.375rem;
  padding: 0.5rem 0.25rem;
  border: none;
  border: 1px solid rgb(150,150,150);
  border-radius: 4px;
  outline: none;
  font-size: 0.9rem;
}

.c8 {
  margin-top: 0.5rem;
  text-align: left;
  color: rgb(175,0,0);
}

.c0 {
  width: 100%;
}

@media (max-width:480px) {
  .c7 {
    width: 100%;
    margin: 0.375rem;
  }
}

@media (max-width:480px) {
  .c5 {
    width: 100%;
    margin: 0.375rem 0;
  }
}

@media (max-width:480px) {
  .c3 {
    width: 100%;
    margin: 0.375rem 0;
  }
}

<body>
    <div>
      <form
        class="c0"
      >
        <div
          class="c1"
        >
          <label
            class="c2"
          >
            Name
            :
          </label>
          <input
            class="c3"
            placeholder="Name"
            type="text"
            value=""
          />
        </div>
        <div
          class="c1"
        >
          <label
            class="c2"
          >
            Email
            :
          </label>
          <input
            class="c3"
            placeholder="Email"
            type="email"
            value=""
          />
        </div>
        <div
          class="c1"
        >
          <label
            class="c2"
          >
            Password
            :
          </label>
          <input
            class="c3"
            placeholder="Password"
            type="password"
            value=""
          />
        </div>
        <div
          class="c4"
        >
          <input
            class="c5"
            id="SiteFormCheckbox"
            type="checkbox"
          />
          <label
            class="c6"
            for="SiteFormCheckbox"
          >
            I agree to start a 30-day free trial of Tasksheet (no credit card required)
          </label>
        </div>
        <button
          class="c7"
        >
          Sign Up
        </button>
        <div
          class="c8"
          data-testid="SiteSplashRegisterFormStatus"
        />
      </form>
    </div>
  </body>,
  "container": <div>
    <form
      class="sc-AykKK fRCMsB"
    >
      <div
        class="sc-AykKG kgqMhc"
      >
        <label
          class="sc-AykKH bXEuhu"
        >
          Name
          :
        </label>
        <input
          class="sc-AykKI eNDOHp"
          placeholder="Name"
          type="text"
          value=""
        />
      </div>
      <div
        class="sc-AykKG kgqMhc"
      >
        <label
          class="sc-AykKH bXEuhu"
        >
          Email
          :
        </label>
        <input
          class="sc-AykKI eNDOHp"
          placeholder="Email"
          type="email"
          value=""
        />
      </div>
      <div
        class="sc-AykKG kgqMhc"
      >
        <label
          class="sc-AykKH bXEuhu"
        >
          Password
          :
        </label>
        <input
          class="sc-AykKI eNDOHp"
          placeholder="Password"
          type="password"
          value=""
        />
      </div>
      <div
        class="sc-AykKD IcsMq"
      >
        <input
          class="sc-AykKF hoDHRU"
          id="SiteFormCheckbox"
          type="checkbox"
        />
        <label
          class="sc-AykKE eCehFn"
          for="SiteFormCheckbox"
        >
          I agree to start a 30-day free trial of Tasksheet (no credit card required)
        </label>
      </div>
      <button
        class="sc-AykKC ilFvXC"
      >
        Sign Up
      </button>
      <div
        class="sc-AykKJ jJgrwI"
        data-testid="SiteSplashRegisterFormStatus"
      />
    </form>
  </div>,
  "debug": [Function],
  "findAllByAltText": [Function],
  "findAllByDisplayValue": [Function],
  "findAllByLabelText": [Function],
  "findAllByPlaceholderText": [Function],
  "findAllByRole": [Function],
  "findAllByTestId": [Function],
  "findAllByText": [Function],
  "findAllByTitle": [Function],
  "findByAltText": [Function],
  "findByDisplayValue": [Function],
  "findByLabelText": [Function],
  "findByPlaceholderText": [Function],
  "findByRole": [Function],
  "findByTestId": [Function],
  "findByText": [Function],
  "findByTitle": [Function],
  "getAllByAltText": [Function],
  "getAllByDisplayValue": [Function],
  "getAllByLabelText": [Function],
  "getAllByPlaceholderText": [Function],
  "getAllByRole": [Function],
  "getAllByTestId": [Function],
  "getAllByText": [Function],
  "getAllByTitle": [Function],
  "getByAltText": [Function],
  "getByDisplayValue": [Function],
  "getByLabelText": [Function],
  "getByPlaceholderText": [Function],
  "getByRole": [Function],
  "getByTestId": [Function],
  "getByText": [Function],
  "getByTitle": [Function],
  "queryAllByAltText": [Function],
  "queryAllByDisplayValue": [Function],
  "queryAllByLabelText": [Function],
  "queryAllByPlaceholderText": [Function],
  "queryAllByRole": [Function],
  "queryAllByTestId": [Function],
  "queryAllByText": [Function],
  "queryAllByTitle": [Function],
  "queryByAltText": [Function],
  "queryByDisplayValue": [Function],
  "queryByLabelText": [Function],
  "queryByPlaceholderText": [Function],
  "queryByRole": [Function],
  "queryByTestId": [Function],
  "queryByText": [Function],
  "queryByTitle": [Function],
  "rerender": [Function],
  "store": Object {
    "dispatch": [Function],
    "getState": [Function],
    "replaceReducer": [Function],
    "subscribe": [Function],
    Symbol(observable): [Function],
  },
  "unmount": [Function],
}
`;
